// Jest Snapshot v1, https://goo.gl/fbAQLP

exports[`Should render Header correctly 1`] = `
<header
  className="header"
>
  <div
    className="content-container"
  >
    <div
      className="header__content"
    >
      <Link
        className="header__title"
        replace={false}
        to="/dashboard"
      >
        <h1>
          Right-To-Know tracker
        </h1>
      </Link>
      <div
        className="header__nav"
      >
        <Link
          replace={false}
          to="/rtkguide"
        >
          <button
            className="button button--nobg"
          >
            RTK guide
          </button>
        </Link>
        <button
          className="button button--nobg"
          onClick={[Function]}
        >
          Logout
        </button>
      </div>
    </div>
  </div>
</header>
`;
